

================================================================
== Synthesis Summary Report of 'top'
================================================================
+ General Information: 
    * Date:           Thu Apr  8 16:31:15 2021
    * Version:        2020.2 (Build 3064766 on Wed Nov 18 09:12:47 MST 2020)
    * Project:        good-coding-style-hls
    * Solution:       solution1 (Vivado IP Flow Target)
    * Product family: zynq
    * Target device:  xc7z020-clg400-1
    

+ Performance & Resource Estimates: 
    
    PS: '+' for module; 'o' for loop; '*' for dataflow
    +--------+------+-------+---------+--------+----------+---------+------+----------+------+----+---------+----------+-----+
    | Modules| Issue|       | Latency | Latency| Iteration|         | Trip |          |      |    |         |          |     |
    | & Loops| Type | Slack | (cycles)|  (ns)  |  Latency | Interval| Count| Pipelined| BRAM | DSP|    FF   |    LUT   | URAM|
    +--------+------+-------+---------+--------+----------+---------+------+----------+------+----+---------+----------+-----+
    |+ top   |     -|  -2.12|        0|   0.000|         -|        1|     -|        no|     -|   -|  1 (~0%)|  46 (~0%)|    -|
    +--------+------+-------+---------+--------+----------+---------+------+----------+------+----+---------+----------+-----+

